// Jest Snapshot v1, https://goo.gl/fbAQLP

exports[`BaseGateFactory #createPool gas 1`] = `4729417`;

exports[`BaseGateFactory factory bytecode size 1`] = `5151`;

exports[`BaseGateFactory pool bytecode size 1`] = `22962`;
